Script started on 2026-08-12 12:34:23+00:00 [<not executed on terminal>]
uv run --project backend ruff format --check backend
165 files already formatted
cd daemon && test -z "$(gofmt -l .)"
cd frontend && npm run format:check

> cliora-console@0.1.0 format:check
> prettier --check 'src/**/*.{ts,vue,css}'

[1G[0KChecking formatting...
src/api/client.test.ts[2K[1Gsrc/api/client.ts[2K[1Gsrc/api/dto.ts[2K[1Gsrc/App.vue[2K[1Gsrc/components/common/AsyncState.vue[2K[1Gsrc/components/common/ConfirmDialog.vue[2K[1Gsrc/components/common/ErrorNotice.test.ts[2K[1Gsrc/components/common/ErrorNotice.vue[2K[1Gsrc/components/common/StatusBadge.vue[2K[1Gsrc/components/dashboard/ActivityTimeline.vue[2K[1Gsrc/components/dashboard/FreshnessBadge.vue[2K[1Gsrc/components/dashboard/HealthCard.vue[2K[1Gsrc/components/dashboard/MetricCard.vue[2K[1Gsrc/components/dashboard/UnhealthyNodeList.vue[2K[1Gsrc/components/file/FileSearchBar.vue[2K[1Gsrc/components/file/FileTree.test.ts[2K[1Gsrc/components/file/FileTree.vue[2K[1Gsrc/components/file/FileTreeNode.vue[2K[1Gsrc/components/file/FileTreeToolbar.vue[2K[1Gsrc/components/file/PreviewDenied.test.ts[2K[1Gsrc/components/file/PreviewDenied.vue[2K[1Gsrc/components/file/PreviewPane.vue[2K[1Gsrc/components/layout/AppLayout.test.ts[2K[1Gsrc/components/layout/AppLayout.vue[2K[1Gsrc/components/project/ProjectRepositories.vue[2K[1Gsrc/components/project/TaskAgentPanel.vue[2K[1Gsrc/components/project/TaskBoard.test.ts[2K[1Gsrc/components/project/TaskBoard.vue[2K[1Gsrc/components/project/TaskDetail.vue[2K[1Gsrc/components/project/TaskRoadmap.vue[2K[1Gsrc/components/session/NewSessionDialog.test.ts[2K[1Gsrc/components/session/NewSessionDialog.vue[2K[1Gsrc/components/session/WorkspaceTabs.test.ts[2K[1Gsrc/components/session/WorkspaceTabs.vue[2K[1Gsrc/composables/useAsyncResource.test.ts[2K[1Gsrc/composables/useAsyncResource.ts[2K[1Gsrc/composables/useFileTree.test.ts[2K[1Gsrc/composables/useFileTree.ts[2K[1Gsrc/composables/useFileUpload.test.ts[2K[1Gsrc/composables/useFileUpload.ts[2K[1Gsrc/composables/useImageDrop.test.ts[2K[1Gsrc/composables/useImageDrop.ts[2K[1Gsrc/composables/useMonacoModel.test.ts[2K[1Gsrc/composables/useMonacoModel.ts[2K[1Gsrc/composables/useTerminalSession.test.ts[2K[1Gsrc/composables/useTerminalSession.ts[2K[1Gsrc/main.ts[2K[1Gsrc/monaco/setup.ts[2K[1Gsrc/protocol/contract.test.ts[2K[1Gsrc/protocol/decode.ts[2K[1Gsrc/protocol/v1.test.ts[2K[1Gsrc/protocol/v1.ts[2K[1Gsrc/router/guard.test.ts[2K[1Gsrc/router/index.ts[2K[1Gsrc/stores/audit.test.ts[2K[1Gsrc/stores/audit.ts[2K[1Gsrc/stores/auth.test.ts[2K[1Gsrc/stores/auth.ts[2K[1Gsrc/stores/dashboard.test.ts[2K[1Gsrc/stores/dashboard.ts[2K[1Gsrc/stores/enrollment.ts[2K[1Gsrc/stores/favorites.test.ts[2K[1Gsrc/stores/favorites.ts[2K[1Gsrc/stores/files.ts[2K[1Gsrc/stores/nodes.ts[2K[1Gsrc/stores/projects.ts[2K[1Gsrc/stores/sessions.test.ts[2K[1Gsrc/stores/sessions.ts[2K[1Gsrc/terminal.test.ts[2K[1Gsrc/testing/dashboardFixture.ts[2K[1Gsrc/theme/base.css[2K[1Gsrc/theme/naive.ts[2K[1Gsrc/theme/tokens.css[2K[1Gsrc/utils/activityKinds.ts[2K[1Gsrc/utils/auditActions.ts[2K[1Gsrc/utils/bytes.ts[2K[1Gsrc/utils/errorCatalog.ts[2K[1Gsrc/utils/time.test.ts[2K[1Gsrc/utils/time.ts[2K[1Gsrc/views/AgentsView.test.ts[2K[1Gsrc/views/AgentsView.vue[2K[1Gsrc/views/AuditView.test.ts[2K[1Gsrc/views/AuditView.vue[2K[1Gsrc/views/DashboardView.test.ts[2K[1Gsrc/views/DashboardView.vue[2K[1Gsrc/views/EnrollmentView.vue[2K[1Gsrc/views/IntegrationsView.test.ts[2K[1Gsrc/views/IntegrationsView.vue[2K[1Gsrc/views/LoginView.vue[2K[1Gsrc/views/NodeDetailPosture.test.ts[2K[1Gsrc/views/NodeDetailUpdate.test.ts[2K[1Gsrc/views/NodeDetailView.vue[2K[1Gsrc/views/NodesView.vue[2K[1Gsrc/views/NodeTunnelsView.test.ts[2K[1Gsrc/views/NodeTunnelsView.vue[2K[1Gsrc/views/ProjectDetailView.test.ts[2K[1Gsrc/views/ProjectDetailView.vue[2K[1Gsrc/views/ProjectsView.test.ts[2K[1Gsrc/views/ProjectsView.vue[2K[1Gsrc/views/RequirementDetailView.vue[2K[1Gsrc/views/RunDetailView.vue[2K[1Gsrc/views/SessionsView.vue[2K[1Gsrc/views/SessionWorkspaceView.test.ts[2K[1Gsrc/views/SessionWorkspaceView.vue[2K[1Gsrc/views/TaskDetailView.vue[2K[1Gsrc/views/TokenShowcaseView.vue[2K[1Gsrc/vite-env.d.ts[2K[1GAll matched files use Prettier code style!
[1G[0K⠙[1G[0Kuv run --project backend ruff check backend
All checks passed!
cd daemon && go vet ./...
cd frontend && npm run lint

> cliora-console@0.1.0 lint
> eslint src --max-warnings=0

[1G[0K[1G[0K⠙[1G[0Kuv run --project backend mypy backend/app
[1m[32mSuccess: no issues found in 125 source files(B[m
cd frontend && npm run typecheck

> cliora-console@0.1.0 typecheck
> vue-tsc -b --noEmit

[1G[0K[1G[0K⠙[1G[0Kuv run --project backend pytest backend/tests -q
........................................................................ [  4%]
........................................................................ [  9%]
....................................ssssssssssssssssssssssss..sssssssss. [ 14%]
ssssssssssssssssssssssssssssssssssssssssssssssssssssssssssssssssssssssss [ 19%]
ssssssssssssssssssssssssss.sssssssssssssssssssssssssssssssssssssssssssss [ 24%]
ssssssssssssssssssssssssssssssssssssssssssssssssssssssssssssssssssssssss [ 29%]
sssssssssssssssssssssssssssssssssssssssssss.ssssssssssssssssssssssssssss [ 34%]
ssss.sssssssssssssssssssssssssssssssssssssssssssssssssssssssssssssssssss [ 39%]
ssssssssssssssssssssssssssssssssssssssssssssssssssssssssssssssssssssssss [ 44%]
ssssssssssssssssssssssssssss............................................ [ 49%]
........................................................................ [ 54%]
........................................................................ [ 59%]
........................................................................ [ 64%]
........................................................................ [ 68%]
........................................................................ [ 73%]
........................................................................ [ 78%]
........................................................................ [ 83%]
........................................................................ [ 88%]
........................................................................ [ 93%]
........................................................................ [ 98%]
......................                                                   [100%]
972 passed, 490 skipped in 3.73s
cd daemon && go test -race ./...
ok  	github.com/cliora/cliora/daemon/cmd/agentd	(cached)
?   	github.com/cliora/cliora/daemon/cmd/enroll-dev	[no test files]
?   	github.com/cliora/cliora/daemon/cmd/fakecli	[no test files]
?   	github.com/cliora/cliora/daemon/cmd/faketunnelapp	[no test files]
?   	github.com/cliora/cliora/daemon/cmd/faketunnelprovider	[no test files]
ok  	github.com/cliora/cliora/daemon/internal/cli	(cached)
ok  	github.com/cliora/cliora/daemon/internal/config	(cached)
ok  	github.com/cliora/cliora/daemon/internal/connection	5.722s
ok  	github.com/cliora/cliora/daemon/internal/files	(cached)
?   	github.com/cliora/cliora/daemon/internal/files/classifyscan	[no test files]
?   	github.com/cliora/cliora/daemon/internal/files/storescan	[no test files]
ok  	github.com/cliora/cliora/daemon/internal/gitfetch	1.045s
ok  	github.com/cliora/cliora/daemon/internal/install	(cached)
ok  	github.com/cliora/cliora/daemon/internal/metrics	(cached)
ok  	github.com/cliora/cliora/daemon/internal/protocol	(cached)
ok  	github.com/cliora/cliora/daemon/internal/runner	23.189s
ok  	github.com/cliora/cliora/daemon/internal/runtime	1.728s
ok  	github.com/cliora/cliora/daemon/internal/session	(cached)
ok  	github.com/cliora/cliora/daemon/internal/systeminfo	(cached)
?   	github.com/cliora/cliora/daemon/internal/terminal	[no test files]
ok  	github.com/cliora/cliora/daemon/internal/tmux	1.013s
ok  	github.com/cliora/cliora/daemon/internal/tunnel	(cached)
ok  	github.com/cliora/cliora/daemon/internal/update	(cached)
ok  	github.com/cliora/cliora/daemon/internal/workspace	(cached)
cd frontend && npm run test:unit -- --run

> cliora-console@0.1.0 test:unit
> vitest --exclude 'tests/e2e/**' --run

[1G[0K[?25l
 RUN  v3.2.7 /home/ubuntu/workspace/cliora/frontend

[?2026h
 ❯ src/components/file/FileTree.test.ts [queued]

 Test Files 0 passed (34)
      Tests 0 passed (0)
   Start at 12:35:00
   Duration 300ms
[?2026l[?2026h[K
 ❯ src/components/file/FileTree.test.ts [queued]
 ❯ src/router/guard.test.ts 0/4
 ❯ src/views/AuditView.test.ts [queued]
 ❯ src/views/DashboardView.test.ts [queued]
 ❯ src/views/NodeDetailUpdate.test.ts [queued]
 ❯ src/views/ProjectDetailView.test.ts [queued]
 ❯ src/views/SessionWorkspaceView.test.ts [queued]

 Test Files 0 passed (34)
      Tests 0 passed (4)
   Start at 12:35:00
   Duration 728ms
[?2026l[?2026h[K
 ❯ src/components/file/FileTree.test.ts [queued]
 ❯ src/router/guard.test.ts 1/4
 ❯ src/views/AuditView.test.ts [queued]
 ❯ src/views/DashboardView.test.ts [queued]
 ❯ src/views/NodeDetailUpdate.test.ts [queued]
 ❯ src/views/ProjectDetailView.test.ts [queued]
 ❯ src/views/SessionWorkspaceView.test.ts [queued]

 Test Files 0 passed (34)
      Tests 1 passed (4)
   Start at 12:35:00
   Duration 834ms
[?2026l[?2026h[K
 ❯ src/components/file/FileTree.test.ts [queued]
 ❯ src/router/guard.test.ts 2/4
 ❯ src/views/AuditView.test.ts [queued]
 ❯ src/views/DashboardView.test.ts [queued]
 ❯ src/views/NodeDetailUpdate.test.ts [queued]
 ❯ src/views/ProjectDetailView.test.ts [queued]
 ❯ src/views/SessionWorkspaceView.test.ts [queued]

 Test Files 0 passed (34)
      Tests 2 passed (4)
   Start at 12:35:00
   Duration 1.05s
[?2026l[?2026h[K
 ❯ src/components/file/FileTree.test.ts [queued]
 ❯ src/router/guard.test.ts 3/4
 ❯ src/views/AuditView.test.ts 0/22
 ❯ src/views/DashboardView.test.ts [queued]
 ❯ src/views/NodeDetailUpdate.test.ts 0/12
 ❯ src/views/ProjectDetailView.test.ts 0/9
 ❯ src/views/SessionWorkspaceView.test.ts 0/28

 Test Files 0 passed (34)
      Tests 3 passed (75)
   Start at 12:35:00
   Duration 1.15s
[?2026l[?2026h[K ✓ src/router/guard.test.ts (4 tests) 445ms
   ✓ router auth guard > keeps an authenticated user away from login  309ms

 ❯ src/components/file/FileTree.test.ts 0/12
 ❯ src/router/guard.test.ts 4/4
 ❯ src/views/AuditView.test.ts 2/22
 ❯ src/views/DashboardView.test.ts 1/33
 ❯ src/views/NodeDetailUpdate.test.ts 2/12
 ❯ src/views/ProjectDetailView.test.ts 4/9
 ❯ src/views/SessionWorkspaceView.test.ts 4/28

 Test Files 1 passed (34)
      Tests 17 passed (120)
   Start at 12:35:00
   Duration 1.25s
[?2026l[?2026h[K ✓ src/views/ProjectDetailView.test.ts (9 tests) 220ms

 ❯ src/components/file/FileTree.test.ts 5/12
 ❯ src/router/guard.test.ts 4/4
 ❯ src/views/AuditView.test.ts 8/22
 ❯ src/views/DashboardView.test.ts 5/33
 ❯ src/views/NodeDetailUpdate.test.ts 5/12
 ❯ src/views/ProjectDetailView.test.ts 9/9
 ❯ src/views/SessionWorkspaceView.test.ts 15/28

 Test Files 2 passed (34)
      Tests 51 passed (120)
   Start at 12:35:00
   Duration 1.35s
[?2026l[?2026h[K ✓ src/components/file/FileTree.test.ts (12 tests) 192ms
 ✓ src/views/NodeDetailUpdate.test.ts (12 tests) 299ms
 ✓ src/views/SessionWorkspaceView.test.ts (28 tests) 342ms

 ❯ src/components/file/FileTree.test.ts 12/12
 ❯ src/router/guard.test.ts 4/4
 ❯ src/views/AuditView.test.ts 14/22
 ❯ src/views/DashboardView.test.ts 10/33
 ❯ src/views/NodeDetailUpdate.test.ts 12/12
 ❯ src/views/ProjectDetailView.test.ts 9/9
 ❯ src/views/SessionWorkspaceView.test.ts 28/28

 Test Files 5 passed (34)
      Tests 89 passed (120)
   Start at 12:35:00
   Duration 1.45s
[?2026l[?2026h[K ✓ src/views/AuditView.test.ts (22 tests) 409ms

 ❯ src/components/file/FileTree.test.ts 12/12
 ❯ src/router/guard.test.ts 4/4
 ❯ src/views/AuditView.test.ts 22/22
 ❯ src/views/DashboardView.test.ts 15/33
 ❯ src/views/NodeDetailUpdate.test.ts 12/12
 ❯ src/views/ProjectDetailView.test.ts 9/9
 ❯ src/views/SessionWorkspaceView.test.ts 28/28

 Test Files 6 passed (34)
      Tests 102 passed (120)
   Start at 12:35:00
   Duration 1.55s
[?2026l[?2026h[K
 ❯ src/components/file/FileTree.test.ts 12/12
 ❯ src/router/guard.test.ts 4/4
 ❯ src/views/AuditView.test.ts 22/22
 ❯ src/views/DashboardView.test.ts 24/33
 ❯ src/views/NodeDetailUpdate.test.ts 12/12
 ❯ src/views/ProjectDetailView.test.ts 9/9
 ❯ src/views/SessionWorkspaceView.test.ts 28/28

 Test Files 6 passed (34)
      Tests 111 passed (120)
   Start at 12:35:00
   Duration 1.65s
[?2026l[?2026h[K ✓ src/views/DashboardView.test.ts (33 tests) 598ms

 ❯ src/components/file/FileTree.test.ts 12/12
 ❯ src/views/AuditView.test.ts 22/22
 ❯ src/views/DashboardView.test.ts 33/33
 ❯ src/views/NodeDetailPosture.test.ts [queued]
 ❯ src/views/NodeDetailUpdate.test.ts 12/12
 ❯ src/views/NodeTunnelsView.test.ts [queued]
 ❯ src/views/SessionWorkspaceView.test.ts 28/28

 Test Files 7 passed (34)
      Tests 120 passed (120)
   Start at 12:35:00
   Duration 1.86s
[?2026l[?2026h[K
 ❯ src/components/layout/AppLayout.test.ts [queued]
 ❯ src/components/session/NewSessionDialog.test.ts [queued]
 ❯ src/views/AgentsView.test.ts [queued]
 ❯ src/views/DashboardView.test.ts 33/33
 ❯ src/views/IntegrationsView.test.ts [queued]
 ❯ src/views/NodeDetailPosture.test.ts [queued]
 ❯ src/views/NodeTunnelsView.test.ts [queued]

 Test Files 7 passed (34)
      Tests 120 passed (120)
   Start at 12:35:00
   Duration 1.96s
[?2026l[?2026h[K
 ❯ src/components/layout/AppLayout.test.ts [queued]
 ❯ src/components/session/NewSessionDialog.test.ts 0/20
 ❯ src/views/AgentsView.test.ts 1/7
 ❯ src/views/DashboardView.test.ts 33/33
 ❯ src/views/IntegrationsView.test.ts 0/10
 ❯ src/views/NodeDetailPosture.test.ts 0/5
 ❯ src/views/NodeTunnelsView.test.ts 0/15

 Test Files 7 passed (34)
      Tests 121 passed (177)
   Start at 12:35:00
   Duration 2.07s
[?2026l[?2026h[K ✓ src/views/AgentsView.test.ts (7 tests) 46ms
 ✓ src/views/NodeDetailPosture.test.ts (5 tests) 131ms
 ✓ src/views/IntegrationsView.test.ts (10 tests) 141ms

 ❯ src/components/layout/AppLayout.test.ts 0/11
 ❯ src/components/session/NewSessionDialog.test.ts 10/20
 ❯ src/components/session/WorkspaceTabs.test.ts [queued]
 ❯ src/views/AgentsView.test.ts 7/7
 ❯ src/views/IntegrationsView.test.ts 10/10
 ❯ src/views/NodeDetailPosture.test.ts 5/5
 ❯ src/views/NodeTunnelsView.test.ts 8/15

 Test Files 10 passed (34)
      Tests 160 passed (188)
   Start at 12:35:00
   Duration 2.27s
[?2026l[?2026h[K ✓ src/components/session/NewSessionDialog.test.ts (20 tests) 182ms
 ✓ src/views/NodeTunnelsView.test.ts (15 tests) 197ms
 ✓ src/components/layout/AppLayout.test.ts (11 tests) 146ms

 ❯ src/components/layout/AppLayout.test.ts 11/11
 ❯ src/components/session/NewSessionDialog.test.ts 20/20
 ❯ src/components/session/WorkspaceTabs.test.ts 1/8
 ❯ src/views/AgentsView.test.ts 7/7
 ❯ src/views/IntegrationsView.test.ts 10/10
 ❯ src/views/NodeDetailPosture.test.ts 5/5
 ❯ src/views/NodeTunnelsView.test.ts 15/15

 Test Files 13 passed (34)
      Tests 189 passed (196)
   Start at 12:35:00
   Duration 2.37s
[?2026l[?2026h[K ✓ src/components/session/WorkspaceTabs.test.ts (8 tests) 37ms

 ❯ src/components/layout/AppLayout.test.ts 11/11
 ❯ src/components/session/NewSessionDialog.test.ts 20/20
 ❯ src/components/session/WorkspaceTabs.test.ts 8/8
 ❯ src/views/IntegrationsView.test.ts 10/10
 ❯ src/views/NodeDetailPosture.test.ts 5/5
 ❯ src/views/NodeTunnelsView.test.ts 15/15
 ❯ src/views/ProjectsView.test.ts [queued]

 Test Files 14 passed (34)
      Tests 196 passed (196)
   Start at 12:35:00
   Duration 2.57s
[?2026l[?2026h[K
 ❯ src/components/common/ErrorNotice.test.ts [queued]
 ❯ src/components/file/PreviewDenied.test.ts [queued]
 ❯ src/components/layout/AppLayout.test.ts 11/11
 ❯ src/components/project/TaskBoard.test.ts [queued]
 ❯ src/components/session/WorkspaceTabs.test.ts 8/8
 ❯ src/protocol/contract.test.ts [queued]
 ❯ src/views/ProjectsView.test.ts [queued]

 Test Files 14 passed (34)
      Tests 196 passed (196)
   Start at 12:35:00
   Duration 2.67s
[?2026l[?2026h[K ✓ src/protocol/contract.test.ts (156 tests) 22ms
 ✓ src/components/project/TaskBoard.test.ts (6 tests) 54ms

 ❯ src/components/common/ErrorNotice.test.ts [queued]
 ❯ src/components/file/PreviewDenied.test.ts [queued]
 ❯ src/components/project/TaskBoard.test.ts 6/6
 ❯ src/composables/useFileTree.test.ts [queued]
 ❯ src/composables/useTerminalSession.test.ts [queued]
 ❯ src/protocol/contract.test.ts 156/156
 ❯ src/views/ProjectsView.test.ts 1/3

 Test Files 16 passed (34)
      Tests 359 passed (361)
   Start at 12:35:00
   Duration 2.77s
[?2026l[?2026h[K ✓ src/views/ProjectsView.test.ts (3 tests) 65ms
 ✓ src/composables/useFileTree.test.ts (23 tests) 22ms
 ✓ src/components/common/ErrorNotice.test.ts (9 tests) 29ms
 ✓ src/components/file/PreviewDenied.test.ts (10 tests) 46ms
 ✓ src/composables/useTerminalSession.test.ts (23 tests) 22ms

 ❯ src/components/common/ErrorNotice.test.ts 9/9
 ❯ src/components/file/PreviewDenied.test.ts 10/10
 ❯ src/components/project/TaskBoard.test.ts 6/6
 ❯ src/composables/useFileTree.test.ts 23/23
 ❯ src/composables/useTerminalSession.test.ts 23/23
 ❯ src/protocol/contract.test.ts 156/156
 ❯ src/views/ProjectsView.test.ts 3/3

 Test Files 21 passed (34)
      Tests 426 passed (426)
   Start at 12:35:00
   Duration 2.97s
[?2026l[?2026h[K
 ❯ src/components/common/ErrorNotice.test.ts 9/9
 ❯ src/components/file/PreviewDenied.test.ts 10/10
 ❯ src/components/project/TaskBoard.test.ts 6/6
 ❯ src/composables/useFileTree.test.ts 23/23
 ❯ src/composables/useTerminalSession.test.ts 23/23
 ❯ src/stores/favorites.test.ts 0/19
 ❯ src/views/ProjectsView.test.ts 3/3

 Test Files 21 passed (34)
      Tests 426 passed (445)
   Start at 12:35:00
   Duration 3.07s
[?2026l[?2026h[K ✓ src/stores/favorites.test.ts (19 tests) 12ms
 ✓ src/stores/dashboard.test.ts (15 tests) 15ms
 ✓ src/composables/useFileUpload.test.ts (15 tests) 15ms

 ❯ src/composables/useFileUpload.test.ts 15/15
 ❯ src/composables/useMonacoModel.test.ts [queued]
 ❯ src/composables/useTerminalSession.test.ts 23/23
 ❯ src/stores/audit.test.ts [queued]
 ❯ src/stores/dashboard.test.ts 15/15
 ❯ src/stores/favorites.test.ts 19/19
 ❯ src/terminal.test.ts [queued]

 Test Files 24 passed (34)
      Tests 475 passed (475)
   Start at 12:35:00
   Duration 3.28s
[?2026l[?2026h[K ✓ src/stores/audit.test.ts (19 tests) 11ms
 ✓ src/terminal.test.ts (1 test) 12ms
 ✓ src/composables/useImageDrop.test.ts (11 tests) 9ms
 ✓ src/composables/useMonacoModel.test.ts (16 tests) 12ms

 ❯ src/api/client.test.ts [queued]
 ❯ src/composables/useFileUpload.test.ts 15/15
 ❯ src/stores/audit.test.ts 19/19
 ❯ src/stores/dashboard.test.ts 15/15
 ❯ src/terminal.test.ts 1/1

 Test Files 28 passed (34)
      Tests 522 passed (522)
   Start at 12:35:00
   Duration 3.48s
[?2026l[?2026h[K ✓ src/api/client.test.ts (7 tests) 5ms

 ❯ src/composables/useFileUpload.test.ts 15/15
 ❯ src/stores/audit.test.ts 19/19
 ❯ src/stores/auth.test.ts [queued]
 ❯ src/terminal.test.ts 1/1

 Test Files 29 passed (34)
      Tests 529 passed (529)
   Start at 12:35:00
   Duration 3.58s
[?2026l[?2026h[K ✓ src/protocol/v1.test.ts (3 tests) 3ms
 ✓ src/utils/time.test.ts (6 tests) 2ms
 ✓ src/stores/auth.test.ts (4 tests) 4ms

 ❯ src/composables/useAsyncResource.test.ts [queued]
 ❯ src/stores/sessions.test.ts 1/2

 Test Files 32 passed (34)
      Tests 543 passed (544)
   Start at 12:35:00
   Duration 3.68s
[?2026l[K ✓ src/stores/sessions.test.ts (2 tests) 3ms
 ✓ src/composables/useAsyncResource.test.ts (7 tests) 2ms

 Test Files  34 passed (34)
      Tests  551 passed (551)
   Start at  12:35:00
   Duration  3.81s (transform 2.32s, setup 0ms, collect 7.69s, tests 3.75s, environment 8.33s, prepare 2.03s)

[?25h[1G[0K⠙[1G[0Kuv run --project backend pytest backend/tests/contract -q
........................................................................ [ 40%]
........................................................................ [ 80%]
....................................                                     [100%]
180 passed in 0.19s
cd daemon && go test ./internal/protocol -run Contract
ok  	github.com/cliora/cliora/daemon/internal/protocol	(cached)
cd frontend && npm run test:unit -- --run src/protocol

> cliora-console@0.1.0 test:unit
> vitest --exclude 'tests/e2e/**' --run src/protocol

[1G[0K[?25l
 RUN  v3.2.7 /home/ubuntu/workspace/cliora/frontend

[?2026h
 ❯ src/protocol/contract.test.ts [queued]

 Test Files 0 passed (2)
      Tests 0 passed (0)
   Start at 12:35:04
   Duration 301ms
[?2026l[K ✓ src/protocol/v1.test.ts (3 tests) 5ms
 ✓ src/protocol/contract.test.ts (156 tests) 18ms

 Test Files  2 passed (2)
      Tests  159 passed (159)
   Start at  12:35:04
   Duration  442ms (transform 73ms, setup 0ms, collect 107ms, tests 22ms, environment 418ms, prepare 118ms)

[?25h[1G[0K⠙[1G[0Kuv build --project backend
Building source distribution...
Building wheel from source distribution...
Successfully built backend/dist/cliora_central-0.1.0.tar.gz
Successfully built backend/dist/cliora_central-0.1.0-py3-none-any.whl
cd daemon && mkdir -p bin && go build -o bin/agentd ./cmd/agentd && go build -o bin/fakecli ./cmd/fakecli
cd frontend && npm run build

> cliora-console@0.1.0 build
> vue-tsc -b && vite build

[1G[0Kvite v7.3.6 building client environment for production...
(!) %VITE_PRODUCT_NAME% is not defined in env variables found in /index.html. Is the variable mistyped?
[2K[1G[2K[1G[2K[1G[2K[1G[2K[1G[2K[1G[2K[1G[2K[1G[2K[1G[2K[1G[2K[1G[2K[1G[2K[1G[2K[1G✓ 2541 modules transformed.
[2K[1G[2K[1G[2K[1G[2K[1G[2K[1G[2K[1G[2K[1G[2K[1G[2K[1G[2K[1G[2K[1G[2K[1G[2K[1G[2K[1G[2K[1G[2K[1G[2K[1G[2K[1G[2K[1G[2K[1G[2K[1G[2K[1G[2K[1G[2K[1G[2K[1G[2K[1G[2K[1G[2K[1G[2K[1G[2K[1G[2K[1G[2K[1G[2K[1G[2K[1G[2K[1G[2K[1G[2K[1G[2K[1G[2K[1G[2K[1G[2K[1G[2K[1G[2K[1G[2K[1G[2K[1G[2K[1G[2K[1G[2K[1G[2K[1G[2K[1G[2K[1G[2K[1G[2K[1G[2K[1G[2K[1G[2K[1G[2K[1G[2K[1G[2K[1G[2K[1G[2K[1G[2K[1G[2K[1G[2K[1G[2K[1G[2K[1G[2K[1G[2K[1G[2K[1G[2K[1G[2K[1G[2K[1G[2K[1G[2K[1G[2K[1G[2K[1G[2K[1G[2K[1G[2K[1G[2K[1G[2K[1G[2K[1G[2K[1G[2K[1G[2K[1G[2K[1G[2K[1G[2K[1G[2K[1G[2K[1G[2K[1G[2K[1G[2K[1G[2K[1G[2K[1G[2K[1G[2K[1G[2K[1G[2K[1G[2K[1G[2K[1G[2K[1G[2K[1G[2K[1G[2K[1G[2K[1G[2K[1G[2K[1G[2K[1G[2K[1G[2K[1G[2K[1Gdist/index.html                                        0.60 kB │ gzip:   0.40 kB
dist/assets/codicon-Brq4_Ui5.ttf                     140.96 kB
dist/assets/editor.worker-CRaYpIdo.js                272.78 kB
dist/assets/RequirementDetailView-DLQD3Sip.css         0.75 kB │ gzip:   0.34 kB
dist/assets/RunDetailView-D3gb-eZ1.css                 0.90 kB │ gzip:   0.41 kB
dist/assets/ErrorNotice-Gk9WGXFq.css                   0.91 kB │ gzip:   0.36 kB
dist/assets/ConfirmDialog-BmdBVDFq.css                 0.99 kB │ gzip:   0.46 kB
dist/assets/StatusBadge-BVvir9gu.css                   1.07 kB │ gzip:   0.38 kB
dist/assets/LoginView-D055Qyhg.css                     1.21 kB │ gzip:   0.45 kB
dist/assets/AgentsView-Bdvk8hNt.css                    1.30 kB │ gzip:   0.48 kB
dist/assets/NodesView-D2LWh2Ok.css                     1.52 kB │ gzip:   0.56 kB
dist/assets/AsyncState-uvVfwGLW.css                    2.51 kB │ gzip:   0.79 kB
dist/assets/TaskDetailView-B3ll-f_b.css                2.80 kB │ gzip:   0.82 kB
dist/assets/ProjectsView-Nmjb-JmQ.css                  2.86 kB │ gzip:   0.81 kB
dist/assets/AuditView-3egGi06O.css                     3.12 kB │ gzip:   0.85 kB
dist/assets/IntegrationsView-BEF6TBsg.css              3.26 kB │ gzip:   0.84 kB
dist/assets/EnrollmentView-14135iAD.css                3.34 kB │ gzip:   0.94 kB
dist/assets/NodeDetailView-CxGxeEdA.css                3.36 kB │ gzip:   0.89 kB
dist/assets/index-Dv3gvmP_.css                         3.65 kB │ gzip:   1.29 kB
dist/assets/NodeTunnelsView-BzUtjjGE.css               4.47 kB │ gzip:   1.09 kB
dist/assets/SessionsView-BJ83Yo2G.css                  5.10 kB │ gzip:   1.22 kB
dist/assets/DashboardView-CgFbHqhl.css                 7.70 kB │ gzip:   1.44 kB
dist/assets/ProjectDetailView-OuLBQY4r.css             7.74 kB │ gzip:   1.83 kB
dist/assets/SessionWorkspaceView-Bzd2ejPH.css         10.15 kB │ gzip:   2.23 kB
dist/assets/PreviewPane-Dm9uDckQ.css                 105.97 kB │ gzip:  16.69 kB
dist/assets/_plugin-vue_export-helper-DlAUqK2U.js      0.09 kB │ gzip:   0.10 kB
dist/assets/bytes-D9mV7Yox.js                          0.18 kB │ gzip:   0.16 kB
dist/assets/StatusBadge-Bkqlkmtd.js                    0.43 kB │ gzip:   0.31 kB
dist/assets/useAsyncResource-0to3j1lr.js               0.53 kB │ gzip:   0.36 kB
dist/assets/time-CZYb6Gia.js                           0.75 kB │ gzip:   0.45 kB
dist/assets/sessions-CtG5jXAD.js                       0.83 kB │ gzip:   0.36 kB
dist/assets/ini-Kd9XrMLS.js                            0.96 kB │ gzip:   0.50 kB
dist/assets/ConfirmDialog-NcqJdzoh.js                  0.96 kB │ gzip:   0.55 kB
dist/assets/nodes-_LUuLRUK.js                          1.03 kB │ gzip:   0.47 kB
dist/assets/javascript-B618yt8a.js                     1.13 kB │ gzip:   0.61 kB
dist/assets/projects-DH1RCnKC.js                       1.14 kB │ gzip:   0.48 kB
dist/assets/LoginView-C7Bs3f55.js                      1.69 kB │ gzip:   0.97 kB
dist/assets/xml-D5i8pJWN.js                            2.26 kB │ gzip:   0.92 kB
dist/assets/go-acbASCJo.js                             2.52 kB │ gzip:   1.11 kB
dist/assets/shell-DiJ1NA_G.js                          2.94 kB │ gzip:   1.16 kB
dist/assets/auditActions-CA-J-0k6.js                   3.44 kB │ gzip:   1.28 kB
dist/assets/markdown-BFxVWTOG.js                       3.65 kB │ gzip:   1.35 kB
dist/assets/yaml-CcHN1dVA.js                           3.87 kB │ gzip:   1.47 kB
dist/assets/rust-BzKRNQWT.js                           4.02 kB │ gzip:   1.79 kB
dist/assets/python-Vktyi1fR.js                         4.05 kB │ gzip:   1.63 kB
dist/assets/css-DdJfP1eB.js                            4.37 kB │ gzip:   1.34 kB
dist/assets/RunDetailView-CnyASL1_.js                  4.63 kB │ gzip:   2.25 kB
dist/assets/html-oQQBP25y.js                           4.86 kB │ gzip:   1.35 kB
dist/assets/AsyncState-DsEyghrw.js                     5.22 kB │ gzip:   2.26 kB
dist/assets/NodesView-MH4eIEYV.js                      5.23 kB │ gzip:   2.32 kB
dist/assets/typescript-DjPRTiIK.js                     5.23 kB │ gzip:   2.13 kB
dist/assets/AgentsView-BOEG4sGs.js                     5.27 kB │ gzip:   2.66 kB
dist/assets/ProjectsView-BaIU6jvQ.js                   5.79 kB │ gzip:   2.38 kB
dist/assets/RequirementDetailView-DEmRiYd_.js          6.94 kB │ gzip:   2.85 kB
dist/assets/EnrollmentView-DHfTJkqc.js                 7.34 kB │ gzip:   3.12 kB
dist/assets/AuditView-DvmsBNl8.js                     10.15 kB │ gzip:   4.05 kB
dist/assets/sql-ClhHkBeG.js                           10.16 kB │ gzip:   3.79 kB
dist/assets/IntegrationsView-CFLXeQLP.js              11.72 kB │ gzip:   5.14 kB
dist/assets/NodeDetailView-DPhBm5pZ.js                12.70 kB │ gzip:   5.05 kB
dist/assets/TaskDetailView-Du8ughRI.js                13.11 kB │ gzip:   5.56 kB
dist/assets/SessionsView-CF-6odt4.js                  13.32 kB │ gzip:   4.83 kB
dist/assets/DashboardView-oYb73lJ4.js                 16.54 kB │ gzip:   5.55 kB
dist/assets/NodeTunnelsView-fTgkNZLj.js               17.56 kB │ gzip:   7.15 kB
dist/assets/ProjectDetailView-FiQlrUqL.js             25.43 kB │ gzip:   9.05 kB
dist/assets/ErrorNotice-YgOiXUhn.js                   26.09 kB │ gzip:  10.66 kB
dist/assets/index-CiCLkK4G.js                        114.86 kB │ gzip:  43.12 kB
dist/assets/SessionWorkspaceView-CzzBxDli.js         351.75 kB │ gzip:  94.52 kB
dist/assets/PreviewPane-DmVOUTWP.js                2,956.11 kB │ gzip: 763.95 kB

(!) Some chunks are larger than 500 kB after minification. Consider:
- Using dynamic import() to code-split the application
- Use build.rollupOptions.output.manualChunks to improve chunking: https://rollupjs.org/configuration-options/#output-manualchunks
- Adjust chunk size limit for this warning via build.chunkSizeWarningLimit.
✓ built in 5.26s
[1G[0K⠙[1G[0Kscripts/trace validate --level static
traceability validation passed
scripts/trace render --check
generated traceability documents are current
scripts/railway/check-edge-parity.sh
ok: CSP is identical in both edge configurations
ok: CSP keeps worker-src blob: (Monaco's language workers)
ok: CSP names no external origin
ok: Strict-Transport-Security appears 3× in both
ok: X-Content-Type-Options appears 3× in both
ok: Referrer-Policy appears 3× in both
ok: X-Frame-Options appears 3× in both
ok: Cross-Origin-Opener-Policy appears 3× in both
ok: Permissions-Policy appears 3× in both
ok: Content-Security-Policy appears 3× in both
ok: client_max_body_size is 16m in both
ok: /ws/ proxy_read_timeout is 3600s in both
ok: nginx.conf refuses /api/metrics with an exact-match block
ok: nginx.conf keeps index.html uncached
ok: nginx.conf caches hashed assets immutably
ok: nginx.conf.template refuses /api/metrics with an exact-match block
ok: nginx.conf.template keeps index.html uncached
ok: nginx.conf.template caches hashed assets immutably

mismatches: 0
uv run --project backend python -m pytest scripts/railway/tests -q
.................................................                        [100%]
49 passed in 0.18s

Script done on 2026-08-12 12:35:17+00:00 [COMMAND_EXIT_CODE="0"]
